Microchip MPLAB XC8 Compiler V2.32

Linker command line:

-W-3 --edf=C:\Program Files\Microchip\xc8\v2.32\pic\dat\en_msgs.txt -cn \
  -h+dist/default/production\solo-tiny-nixie.X.production.sym \
  --cmf=dist/default/production\solo-tiny-nixie.X.production.cmf -z \
  -Q16F18346 -oC:\Users\pfreyerm\AppData\Local\Temp\xcAs914.4 \
  --defsym=__MPLAB_BUILD=1 \
  -Mdist/default/production/solo-tiny-nixie.X.production.map -E1 \
  -ver=XC8 Compiler --acfsm=1493 -ASTACK=02071h-027EFh -pstack=STACK \
  -ACODE=00h-07FFhx8 -ASTRCODE=00h-03FFFh -ASTRING=00h-0FFhx64 \
  -ACONST=00h-0FFhx64 -AENTRY=00h-0FFhx64 -ACOMMON=070h-07Fh \
  -ABANK0=020h-06Fh -ABANK1=0A0h-0EFh -ABANK2=0120h-016Fh \
  -ABANK3=01A0h-01EFh -ABANK4=0220h-026Fh -ABANK5=02A0h-02EFh \
  -ABANK6=0320h-036Fh -ABANK7=03A0h-03EFh -ABANK8=0420h-046Fh \
  -ABANK9=04A0h-04EFh -ABANK10=0520h-056Fh -ABANK11=05A0h-05EFh \
  -ABANK12=0620h-066Fh -ABANK13=06A0h-06EFh -ABANK14=0720h-076Fh \
  -ABANK15=07A0h-07EFh -ABANK16=0820h-086Fh -ABANK17=08A0h-08EFh \
  -ABANK18=0920h-096Fh -ABANK19=09A0h-09EFh -ABANK20=0A20h-0A6Fh \
  -ABANK21=0AA0h-0AEFh -ABANK22=0B20h-0B6Fh -ABANK23=0BA0h-0BEFh \
  -ABANK24=0C20h-0C6Fh -ABANK25=0CA0h-0CBFh -ABIGRAM=02000h-027EFh \
  -ARAM=020h-06Fh,0A0h-0EFh,0120h-016Fh,01A0h-01EFh,0220h-026Fh,02A0h-02EFh,0320h-036Fh,03A0h-03EFh,0420h-046Fh,04A0h-04EFh,0520h-056Fh,05A0h-05EFh,0620h-066Fh,06A0h-06EFh,0720h-076Fh,07A0h-07EFh,0820h-086Fh,08A0h-08EFh,0920h-096Fh,09A0h-09EFh,0A20h-0A6Fh,0AA0h-0AEFh,0B20h-0B6Fh,0BA0h-0BEFh,0C20h-0C6Fh,0CA0h-0CBFh \
  -AABS1=020h-07Fh,0A0h-0EFh,0120h-016Fh,01A0h-01EFh,0220h-026Fh,02A0h-02EFh,0320h-036Fh,03A0h-03EFh,0420h-046Fh,04A0h-04EFh,0520h-056Fh,05A0h-05EFh,0620h-066Fh,06A0h-06EFh,0720h-076Fh,07A0h-07EFh,0820h-086Fh,08A0h-08EFh,0920h-096Fh,09A0h-09EFh,0A20h-0A6Fh,0AA0h-0AEFh,0B20h-0B6Fh,0BA0h-0BEFh,0C20h-0C6Fh,0CA0h-0CBFh \
  -ASFR0=00h-01Fh -ASFR1=080h-09Fh -ASFR2=0100h-011Fh -ASFR3=0180h-019Fh \
  -ASFR4=0200h-021Fh -ASFR5=0280h-029Fh -ASFR6=0300h-031Fh \
  -ASFR7=0380h-039Fh -ASFR8=0400h-041Fh -ASFR9=0480h-049Fh \
  -ASFR10=0500h-051Fh -ASFR11=0580h-059Fh -ASFR12=0600h-061Fh \
  -ASFR13=0680h-069Fh -ASFR14=0700h-071Fh -ASFR15=0780h-079Fh \
  -ASFR16=0800h-081Fh -ASFR17=0880h-089Fh -ASFR18=0900h-091Fh \
  -ASFR19=0980h-099Fh -ASFR20=0A00h-0A1Fh -ASFR21=0A80h-0A9Fh \
  -ASFR22=0B00h-0B1Fh -ASFR23=0B80h-0B9Fh -ASFR24=0C00h-0C1Fh \
  -ASFR25=0C80h-0C9Fh -ASFR26=0D00h-0D6Fh -ASFR27=0D80h-0DEFh \
  -ASFR28=0E00h-0E6Fh -ASFR29=0E80h-0EEFh -ASFR30=0F00h-0F6Fh \
  -ASFR31=0F80h-0FEFh -ACONFIG=08007h-0800Ah -DCONFIG=2 \
  -AIDLOC=08000h-08003h -DIDLOC=2 -AEEDATA=00h-0FFh/0F000h \
  -peeprom_data=EEDATA -DEEDATA=2 -DCODE=2 -DSTRCODE=2 -DSTRING=2 -DCONST=2 \
  -DENTRY=2 -preset_vec=00h,intentry=04h,init,end_init -ppowerup=CODE \
  -pcinit=CODE -pfunctab=ENTRY -k \
  C:\Users\pfreyerm\AppData\Local\Temp\xcAs914.o \
  dist/default/production\solo-tiny-nixie.X.production.o 

Object code version is 3.11

Machine type is 16F18346



                Name                               Link     Load   Length Selector   Space Scale
C:\Users\pfreyerm\AppData\Local\Temp\xcAs914.o
                end_init                             19       19        2        8       0
                reset_vec                             0        0        2        0       0
                config                             8007     8007        4        0       4
dist/default/production\solo-tiny-nixie.X.production.o
                cinit                                1B       1B       1C        8       0
                intentry                              4        4       15        8       0
                config                             8007     8007        4        0       4
                text94                              CE7      CE7       76     19CE       0
                text93                              7FF      7FF        1        8       0
                text92                             15B8     15B8        D     2B70       0
                text91                             1619     1619       11     2C32       0
                text90                             15DF     15DF        E     2BBE       0
                text88                             1672     1672       15     2CE4       0
                text87                             1535     1535        6     2A6A       0
                text86                             14EE     14EE        4     29DC       0
                text85                             1572     1572        9     2AE4       0
                text84                             157B     157B        9     2AF6       0
                text83                              848      848       31     1090       0
                text82                             155A     155A        8     2AB4       0
                text81                             15A0     15A0        C     2B40       0
                text80                             15AC     15AC        C     2B58       0
                text79                             153B     153B        6     2A76       0
                text78                             1687     1687       19     2D0E       0
                text77                             1562     1562        8     2AC4       0
                text76                             1596     1596        A     2B2C       0
                text75                             14F2     14F2        4     29E4       0
                text74                             17AA     17AA       28     2F54       0
                text73                              AB5      AB5       50     156A       0
                text72                              7E9      7E9       16        8       0
                text71                             1584     1584        9     2B08       0
                text70                              981      981       39     1302       0
                text69                             14D6     14D6        3     29AC       0
                text68                             14D9     14D9        3     29B2       0
                text67                             14DC     14DC        3     29B8       0
                text66                             16B9     16B9       1C     2D72       0
                text65                             14DF     14DF        3     29BE       0
                text64                             14E2     14E2        3     29C4       0
                text63                             14E5     14E5        3     29CA       0
                text62                             1609     1609       10     2C12       0
                text61                             1784     1784       26     2F08       0
                text60                             15ED     15ED        E     2BDA       0
                text59                             162A     162A       12     2C54       0
                text58                             163C     163C       12     2C78       0
                text57                             164E     164E       12     2C9C       0
                text56                             1660     1660       12     2CC0       0
                text55                             16A0     16A0       19     2D40       0
                text54                             14D2     14D2        2     29A4       0
                text53                             14D4     14D4        2     29A8       0
                text52                             14E8     14E8        3     29D0       0
                text51                             14F6     14F6        4     29EC       0
                text50                             14EB     14EB        3     29D6       0
                text49                             14FA     14FA        4     29F4       0
                text48                             14FE     14FE        5     29FC       0
                text47                             1541     1541        6     2A82       0
                text46                              800      800        3     1000       0
                text45                              879      879       32     10F2       0
                text44                             1503     1503        5     2A06       0
                text43                             158D     158D        9     2B1A       0
                text42                             156A     156A        8     2AD4       0
                text41                              B58      B58       57     16B0       0
                text40                              A69      A69       4C     14D2       0
                text39                             1553     1553        7     2AA6       0
                text38                             1508     1508        5     2A10       0
                text37                             150D     150D        5     2A1A       0
                text36                             1512     1512        5     2A24       0
                text35                             1517     1517        5     2A2E       0
                text34                             151C     151C        5     2A38       0
                text33                             1521     1521        5     2A42       0
                text32                             1526     1526        5     2A4C       0
                text31                             152B     152B        5     2A56       0
                text30                              818      818       30     1030       0
                text29                             17D2     17D2       2E     2FA4       0
                text28                             1547     1547        6     2A8E       0
                text27                             15C5     15C5        D     2B8A       0
                text26                             16F5     16F5       23     2DEA       0
                text25                             1530     1530        5     2A60       0
                text24                             15D2     15D2        D     2BA4       0
                text23                              9F3      9F3       3A     13E6       0
                text22                             15FB     15FB        E     2BF6       0
                text21                              8DE      8DE       36     11BC       0
                text20                              803      803       15     1006       0
                text19                             175F     175F       25     2EBE       0
                text18                             1718     1718       23     2E30       0
                text17                              4C6      4C6      1B4        8       0
                text16                              D5D      D5D       8B     1ABA       0
                text15                             173B     173B       24     2E76       0
                text14                               37       37      257        8       0
                text13                              28E      28E      238        8       0
                text12                             16D5     16D5       20     2DAA       0
                text11                              C72      C72       75     18E4       0
                text10                              DE8      DE8       AD     1BD0       0
                text9                               67A      67A      16F        8       0
                text8                               8AB      8AB       33     1156       0
                text7                               BAF      BAF       60     175E       0
                text6                               B05      B05       53     160A       0
                text5                               9BA      9BA       39     1374       0
                text4                               94A      94A       37     1294       0
                text3                               914      914       36     1228       0
                text2                               A2D      A2D       3C     145A       0
                text1                               C0F      C0F       63     181E       0
                maintext                            E95      E95      16B     1D2A       0
                cstackBANK0                          20       20       48       20       1
                cstackCOMMON                         70       70        A       70       1
                clrtext                            154D     154D        6     2A9A       0
                bssBANK1                             A0       A0       1D       A0       1
                dataBANK0                            6E       6E        2       20       1
                bssBANK0                             68       68        6       20       1
                bssCOMMON                            7A       7A        2       70       1
                nvBANK1                              BD       BD        4       A0       1
                stringtext4                        1826     1826        2     3000       0
                stringtext3                        1824     1824        2     3000       0
                stringtext2                        1820     1820        4     3000       0
                stringtext1                        1800     1800       20     3000       0
                idataBANK0                            2        2        2        0       0

TOTAL           Name                               Link     Load   Length     Space
        CLASS   STACK          

        CLASS   CODE           
                end_init                             19       19        2         0
                cinit                                1B       1B       1C         0
                intentry                              4        4       15         0
                reset_vec                             0        0        2         0
                text94                              CE7      CE7       76         0
                text93                              7FF      7FF        1         0
                text92                             15B8     15B8        D         0
                text91                             1619     1619       11         0
                text90                             15DF     15DF        E         0
                text88                             1672     1672       15         0
                text87                             1535     1535        6         0
                text86                             14EE     14EE        4         0
                text85                             1572     1572        9         0
                text84                             157B     157B        9         0
                text83                              848      848       31         0
                text82                             155A     155A        8         0
                text81                             15A0     15A0        C         0
                text80                             15AC     15AC        C         0
                text79                             153B     153B        6         0
                text78                             1687     1687       19         0
                text77                             1562     1562        8         0
                text76                             1596     1596        A         0
                text75                             14F2     14F2        4         0
                text74                             17AA     17AA       28         0
                text73                              AB5      AB5       50         0
                text72                              7E9      7E9       16         0
                text71                             1584     1584        9         0
                text70                              981      981       39         0
                text69                             14D6     14D6        3         0
                text68                             14D9     14D9        3         0
                text67                             14DC     14DC        3         0
                text66                             16B9     16B9       1C         0
                text65                             14DF     14DF        3         0
                text64                             14E2     14E2        3         0
                text63                             14E5     14E5        3         0
                text62                             1609     1609       10         0
                text61                             1784     1784       26         0
                text60                             15ED     15ED        E         0
                text59                             162A     162A       12         0
                text58                             163C     163C       12         0
                text57                             164E     164E       12         0
                text56                             1660     1660       12         0
                text55                             16A0     16A0       19         0
                text54                             14D2     14D2        2         0
                text53                             14D4     14D4        2         0
                text52                             14E8     14E8        3         0
                text51                             14F6     14F6        4         0
                text50                             14EB     14EB        3         0
                text49                             14FA     14FA        4         0
                text48                             14FE     14FE        5         0
                text47                             1541     1541        6         0
                text46                              800      800        3         0
                text45                              879      879       32         0
                text44                             1503     1503        5         0
                text43                             158D     158D        9         0
                text42                             156A     156A        8         0
                text41                              B58      B58       57         0
                text40                              A69      A69       4C         0
                text39                             1553     1553        7         0
                text38                             1508     1508        5         0
                text37                             150D     150D        5         0
                text36                             1512     1512        5         0
                text35                             1517     1517        5         0
                text34                             151C     151C        5         0
                text33                             1521     1521        5         0
                text32                             1526     1526        5         0
                text31                             152B     152B        5         0
                text30                              818      818       30         0
                text29                             17D2     17D2       2E         0
                text28                             1547     1547        6         0
                text27                             15C5     15C5        D         0
                text26                             16F5     16F5       23         0
                text25                             1530     1530        5         0
                text24                             15D2     15D2        D         0
                text23                              9F3      9F3       3A         0
                text22                             15FB     15FB        E         0
                text21                              8DE      8DE       36         0
                text20                              803      803       15         0
                text19                             175F     175F       25         0
                text18                             1718     1718       23         0
                text17                              4C6      4C6      1B4         0
                text16                              D5D      D5D       8B         0
                text15                             173B     173B       24         0
                text14                               37       37      257         0
                text13                              28E      28E      238         0
                text12                             16D5     16D5       20         0
                text11                              C72      C72       75         0
                text10                              DE8      DE8       AD         0
                text9                               67A      67A      16F         0
                text8                               8AB      8AB       33         0
                text7                               BAF      BAF       60         0
                text6                               B05      B05       53         0
                text5                               9BA      9BA       39         0
                text4                               94A      94A       37         0
                text3                               914      914       36         0
                text2                               A2D      A2D       3C         0
                text1                               C0F      C0F       63         0
                maintext                            E95      E95      16B         0
                clrtext                            154D     154D        6         0
                idataBANK0                            2        2        2         0

        CLASS   STRCODE        
                stringtext4                        1826     1826        2         0
                stringtext3                        1824     1824        2         0
                stringtext2                        1820     1820        4         0
                stringtext1                        1800     1800       20         0

        CLASS   STRING         

        CLASS   CONST          

        CLASS   ENTRY          

        CLASS   COMMON         
                cstackCOMMON                         70       70        A         1
                bssCOMMON                            7A       7A        2         1

        CLASS   BANK0          
                cstackBANK0                          20       20       48         1
                dataBANK0                            6E       6E        2         1
                bssBANK0                             68       68        6         1

        CLASS   BANK1          
                bssBANK1                             A0       A0       1D         1
                nvBANK1                              BD       BD        4         1

        CLASS   BANK2          

        CLASS   BANK3          

        CLASS   BANK4          

        CLASS   BANK5          

        CLASS   BANK6          

        CLASS   BANK7          

        CLASS   BANK8          

        CLASS   BANK9          

        CLASS   BANK10         

        CLASS   BANK11         

        CLASS   BANK12         

        CLASS   BANK13         

        CLASS   BANK14         

        CLASS   BANK15         

        CLASS   BANK16         

        CLASS   BANK17         

        CLASS   BANK18         

        CLASS   BANK19         

        CLASS   BANK20         

        CLASS   BANK21         

        CLASS   BANK22         

        CLASS   BANK23         

        CLASS   BANK24         

        CLASS   BANK25         

        CLASS   BIGRAM         

        CLASS   RAM            

        CLASS   ABS1           
                abs_s1                               7E       7E        2         1

        CLASS   SFR0           

        CLASS   SFR1           

        CLASS   SFR2           

        CLASS   SFR3           

        CLASS   SFR4           

        CLASS   SFR5           

        CLASS   SFR6           

        CLASS   SFR7           

        CLASS   SFR8           

        CLASS   SFR9           

        CLASS   SFR10          

        CLASS   SFR11          

        CLASS   SFR12          

        CLASS   SFR13          

        CLASS   SFR14          

        CLASS   SFR15          

        CLASS   SFR16          

        CLASS   SFR17          

        CLASS   SFR18          

        CLASS   SFR19          

        CLASS   SFR20          

        CLASS   SFR21          

        CLASS   SFR22          

        CLASS   SFR23          

        CLASS   SFR24          

        CLASS   SFR25          

        CLASS   SFR26          

        CLASS   SFR27          

        CLASS   SFR28          

        CLASS   SFR29          

        CLASS   SFR30          

        CLASS   SFR31          

        CLASS   CONFIG         
                config                             8007     8007        4         4

        CLASS   IDLOC          

        CLASS   EEDATA         

        CLASS   BANK31         

        CLASS   BANK30         

        CLASS   BANK29         

        CLASS   BANK28         

        CLASS   BANK27         

        CLASS   BANK26         



SEGMENTS        Name                           Load    Length   Top    Selector   Space  Class     Delta

                reset_vec                      000000  000004  000004         0       0  CODE        2
                intentry                       000004  0007FC  000800         8       0  CODE        2
                cstackBANK0                    000020  000050  000070        20       1  BANK0       1
                cstackCOMMON                   000070  00000C  00007C        70       1  COMMON      1
                bssBANK1                       0000A0  000021  0000C1        A0       1  BANK1       1
                text46                         000800  000003  000803      1000       0  CODE        2
                text20                         000803  000015  000818      1006       0  CODE        2
                text30                         000818  000030  000848      1030       0  CODE        2
                text83                         000848  000031  000879      1090       0  CODE        2
                text45                         000879  000032  0008AB      10F2       0  CODE        2
                text8                          0008AB  000033  0008DE      1156       0  CODE        2
                text21                         0008DE  000036  000914      11BC       0  CODE        2
                text3                          000914  000036  00094A      1228       0  CODE        2
                text4                          00094A  000037  000981      1294       0  CODE        2
                text70                         000981  000039  0009BA      1302       0  CODE        2
                text5                          0009BA  000039  0009F3      1374       0  CODE        2
                text23                         0009F3  00003A  000A2D      13E6       0  CODE        2
                text2                          000A2D  00003C  000A69      145A       0  CODE        2
                text40                         000A69  00004C  000AB5      14D2       0  CODE        2
                text73                         000AB5  000050  000B05      156A       0  CODE        2
                text6                          000B05  000053  000B58      160A       0  CODE        2
                text41                         000B58  000057  000BAF      16B0       0  CODE        2
                text7                          000BAF  000060  000C0F      175E       0  CODE        2
                text1                          000C0F  000063  000C72      181E       0  CODE        2
                text11                         000C72  000075  000CE7      18E4       0  CODE        2
                text94                         000CE7  000076  000D5D      19CE       0  CODE        2
                text16                         000D5D  00008B  000DE8      1ABA       0  CODE        2
                text10                         000DE8  0000AD  000E95      1BD0       0  CODE        2
                maintext                       000E95  00016B  001000      1D2A       0  CODE        2
                text54                         0014D2  000002  0014D4      29A4       0  CODE        2
                text53                         0014D4  000002  0014D6      29A8       0  CODE        2
                text69                         0014D6  000003  0014D9      29AC       0  CODE        2
                text68                         0014D9  000003  0014DC      29B2       0  CODE        2
                text67                         0014DC  000003  0014DF      29B8       0  CODE        2
                text65                         0014DF  000003  0014E2      29BE       0  CODE        2
                text64                         0014E2  000003  0014E5      29C4       0  CODE        2
                text63                         0014E5  000003  0014E8      29CA       0  CODE        2
                text52                         0014E8  000003  0014EB      29D0       0  CODE        2
                text50                         0014EB  000003  0014EE      29D6       0  CODE        2
                text86                         0014EE  000004  0014F2      29DC       0  CODE        2
                text75                         0014F2  000004  0014F6      29E4       0  CODE        2
                text51                         0014F6  000004  0014FA      29EC       0  CODE        2
                text49                         0014FA  000004  0014FE      29F4       0  CODE        2
                text48                         0014FE  000005  001503      29FC       0  CODE        2
                text44                         001503  000005  001508      2A06       0  CODE        2
                text38                         001508  000005  00150D      2A10       0  CODE        2
                text37                         00150D  000005  001512      2A1A       0  CODE        2
                text36                         001512  000005  001517      2A24       0  CODE        2
                text35                         001517  000005  00151C      2A2E       0  CODE        2
                text34                         00151C  000005  001521      2A38       0  CODE        2
                text33                         001521  000005  001526      2A42       0  CODE        2
                text32                         001526  000005  00152B      2A4C       0  CODE        2
                text31                         00152B  000005  001530      2A56       0  CODE        2
                text25                         001530  000005  001535      2A60       0  CODE        2
                text87                         001535  000006  00153B      2A6A       0  CODE        2
                text79                         00153B  000006  001541      2A76       0  CODE        2
                text47                         001541  000006  001547      2A82       0  CODE        2
                text28                         001547  000006  00154D      2A8E       0  CODE        2
                clrtext                        00154D  000006  001553      2A9A       0  CODE        2
                text39                         001553  000007  00155A      2AA6       0  CODE        2
                text82                         00155A  000008  001562      2AB4       0  CODE        2
                text77                         001562  000008  00156A      2AC4       0  CODE        2
                text42                         00156A  000008  001572      2AD4       0  CODE        2
                text85                         001572  000009  00157B      2AE4       0  CODE        2
                text84                         00157B  000009  001584      2AF6       0  CODE        2
                text71                         001584  000009  00158D      2B08       0  CODE        2
                text43                         00158D  000009  001596      2B1A       0  CODE        2
                text76                         001596  00000A  0015A0      2B2C       0  CODE        2
                text81                         0015A0  00000C  0015AC      2B40       0  CODE        2
                text80                         0015AC  00000C  0015B8      2B58       0  CODE        2
                text92                         0015B8  00000D  0015C5      2B70       0  CODE        2
                text27                         0015C5  00000D  0015D2      2B8A       0  CODE        2
                text24                         0015D2  00000D  0015DF      2BA4       0  CODE        2
                text90                         0015DF  00000E  0015ED      2BBE       0  CODE        2
                text60                         0015ED  00000E  0015FB      2BDA       0  CODE        2
                text22                         0015FB  00000E  001609      2BF6       0  CODE        2
                text62                         001609  000010  001619      2C12       0  CODE        2
                text91                         001619  000011  00162A      2C32       0  CODE        2
                text59                         00162A  000012  00163C      2C54       0  CODE        2
                text58                         00163C  000012  00164E      2C78       0  CODE        2
                text57                         00164E  000012  001660      2C9C       0  CODE        2
                text56                         001660  000012  001672      2CC0       0  CODE        2
                text88                         001672  000015  001687      2CE4       0  CODE        2
                text78                         001687  000019  0016A0      2D0E       0  CODE        2
                text55                         0016A0  000019  0016B9      2D40       0  CODE        2
                text66                         0016B9  00001C  0016D5      2D72       0  CODE        2
                text12                         0016D5  000020  0016F5      2DAA       0  CODE        2
                text26                         0016F5  000023  001718      2DEA       0  CODE        2
                text18                         001718  000023  00173B      2E30       0  CODE        2
                text15                         00173B  000024  00175F      2E76       0  CODE        2
                text19                         00175F  000025  001784      2EBE       0  CODE        2
                text61                         001784  000026  0017AA      2F08       0  CODE        2
                text74                         0017AA  000028  0017D2      2F54       0  CODE        2
                text29                         0017D2  00002E  001800      2FA4       0  CODE        2
                stringtext1                    001800  000028  001828      3000       0  STRCODE     2


UNUSED ADDRESS RANGES

        Name                Unused          Largest block    Delta
        BANK1            000C1-000EF              2F           1
        BANK10           00520-0056F              50           1
        BANK11           005A0-005EF              50           1
        BANK12           00620-0066F              50           1
        BANK13           006A0-006EF              50           1
        BANK14           00720-0076F              50           1
        BANK15           007A0-007EF              50           1
        BANK16           00820-0086F              50           1
        BANK17           008A0-008EF              50           1
        BANK18           00920-0096F              50           1
        BANK19           009A0-009EF              50           1
        BANK2            00120-0016F              50           1
        BANK20           00A20-00A6F              50           1
        BANK21           00AA0-00AEF              50           1
        BANK22           00B20-00B6F              50           1
        BANK23           00BA0-00BEF              50           1
        BANK24           00C20-00C6F              50           1
        BANK25           00CA0-00CBF              20           1
        BANK3            001A0-001EF              50           1
        BANK4            00220-0026F              50           1
        BANK5            002A0-002EF              50           1
        BANK6            00320-0036F              50           1
        BANK7            003A0-003EF              50           1
        BANK8            00420-0046F              50           1
        BANK9            004A0-004EF              50           1
        BIGRAM           02000-027EF             7F0           1
        CODE             01000-014D1             4D2           2
                         01828-03FFF             800
        COMMON           0007C-0007D               2           1
        CONST            01000-014D1             100           2
                         01828-03FFF             100
        EEDATA           0F000-0F0FF             100           2
        ENTRY            01000-014D1             100           2
                         01828-03FFF             100
        IDLOC            08000-08003               4           2
        RAM              000C1-000EF              2F           1
                         00120-0016F              50
                         001A0-001EF              50
                         00220-0026F              50
                         002A0-002EF              50
                         00320-0036F              50
                         003A0-003EF              50
                         00420-0046F              50
                         004A0-004EF              50
                         00520-0056F              50
                         005A0-005EF              50
                         00620-0066F              50
                         006A0-006EF              50
                         00720-0076F              50
                         007A0-007EF              50
                         00820-0086F              50
                         008A0-008EF              50
                         00920-0096F              50
                         009A0-009EF              50
                         00A20-00A6F              50
                         00AA0-00AEF              50
                         00B20-00B6F              50
                         00BA0-00BEF              50
                         00C20-00C6F              50
                         00CA0-00CBF              20
        SFR0             00000-0001F              20           1
        SFR1             00080-0009F              20           1
        SFR10            00500-0051F              20           1
        SFR11            00580-0059F              20           1
        SFR12            00600-0061F              20           1
        SFR13            00680-0069F              20           1
        SFR14            00700-0071F              20           1
        SFR15            00780-0079F              20           1
        SFR16            00800-0081F              20           1
        SFR17            00880-0089F              20           1
        SFR18            00900-0091F              20           1
        SFR19            00980-0099F              20           1
        SFR2             00100-0011F              20           1
        SFR20            00A00-00A1F              20           1
        SFR21            00A80-00A9F              20           1
        SFR22            00B00-00B1F              20           1
        SFR23            00B80-00B9F              20           1
        SFR24            00C00-00C1F              20           1
        SFR25            00C80-00C9F              20           1
        SFR26            00D00-00D6F              70           1
        SFR27            00D80-00DEF              70           1
        SFR28            00E00-00E6F              70           1
        SFR29            00E80-00EEF              70           1
        SFR3             00180-0019F              20           1
        SFR30            00F00-00F6F              70           1
        SFR31            00F80-00FEF              70           1
        SFR4             00200-0021F              20           1
        SFR5             00280-0029F              20           1
        SFR6             00300-0031F              20           1
        SFR7             00380-0039F              20           1
        SFR8             00400-0041F              20           1
        SFR9             00480-0049F              20           1
        STACK            02071-027EF             77F           1
        STRCODE          01000-014D1             4D2           2
                         01828-03FFF            27D8
        STRING           01000-014D1             100           2
                         01828-03FFF             100

                                  Symbol Table

?__Umul8_16                               cstackCOMMON 00072
?___awdiv                                 cstackCOMMON 00072
?___awmod                                 cstackCOMMON 00072
?___fladd                                 cstackCOMMON 00072
?___fldiv                                 cstackBANK0  00026
?___flmul                                 cstackBANK0  00034
?___flsub                                 cstackBANK0  0002C
?___fltol                                 cstackBANK0  0004E
?___lwdiv                                 cstackCOMMON 00072
?___xxtofl                                cstackCOMMON 00072
I2C1_CallbackReturnReset@funPtr           cstackBANK0  00021
I2C1_Close@returnValue                    cstackCOMMON 00073
I2C1_MasterOperation@read                 cstackBANK0  00029
I2C1_MasterOperation@returnValue          cstackBANK0  0002A
I2C1_MasterSendTxData@data                cstackCOMMON 00072
I2C1_Open@address                         cstackCOMMON 00073
I2C1_Open@returnValue                     cstackCOMMON 00074
I2C1_Read1ByteRegister@address            cstackBANK0  0002D
I2C1_Read1ByteRegister@reg                cstackBANK0  0002B
I2C1_Read1ByteRegister@returnValue        cstackBANK0  0002E
I2C1_SetAddressNackCallback@cb            cstackCOMMON 00077
I2C1_SetAddressNackCallback@ptr           cstackCOMMON 00079
I2C1_SetBuffer@buffer                     cstackCOMMON 00075
I2C1_SetBuffer@bufferSize                 cstackCOMMON 00072
I2C1_SetCallback@cb                       cstackCOMMON 00072
I2C1_SetCallback@idx                      cstackCOMMON 00076
I2C1_SetCallback@ptr                      cstackCOMMON 00074
I2C1_SetDataCompleteCallback@cb           cstackCOMMON 00077
I2C1_SetDataCompleteCallback@ptr          cstackCOMMON 00079
I2C1_Write1ByteRegister@address           cstackBANK0  0002E
I2C1_Write1ByteRegister@data              cstackBANK0  0002C
I2C1_Write1ByteRegister@reg               cstackBANK0  0002B
PWM6_LoadDutyValue@dutyValue              cstackCOMMON 00072
TMR1_SetInterruptHandler@InterruptHandler cstackCOMMON 00072
TMR1_WriteTimer@timerVal                  cstackCOMMON 00070
_ANSELA                                   (abs)        0018C
_ANSELB                                   (abs)        0018D
_ANSELC                                   (abs)        0018E
_CLC1CON                                  (abs)        00F10
_CLC1CONbits                              (abs)        00F10
_CLC1GLS0                                 (abs)        00F16
_CLC1GLS1                                 (abs)        00F17
_CLC1GLS2                                 (abs)        00F18
_CLC1GLS3                                 (abs)        00F19
_CLC1POL                                  (abs)        00F11
_CLC1SEL0                                 (abs)        00F12
_CLC1SEL1                                 (abs)        00F13
_CLC1SEL2                                 (abs)        00F14
_CLC1SEL3                                 (abs)        00F15
_CLC1_Initialize                          text88       01672
_CM1CON0                                  (abs)        00111
_CM1CON1                                  (abs)        00112
_CMOUTbits                                (abs)        00115
_CMP1_Initialize                          text87       01535
_FVRCON                                   (abs)        00117
_FVRCONbits                               (abs)        00117
_FVR_Initialize                           text86       014EE
_I2C1_CallbackReturnReset                 text53       014D4
_I2C1_CallbackReturnStop                  text54       014D2
_I2C1_Close                               text66       016B9
_I2C1_DO_ADDRESS_NACK                     text30       00818
_I2C1_DO_IDLE                             text44       01503
_I2C1_DO_RCEN                             text39       01553
_I2C1_DO_RESET                            text31       0152B
_I2C1_DO_RX                               text40       00A69
_I2C1_DO_RX_ACK                           text34       0151C
_I2C1_DO_RX_NACK_RESTART                  text32       01526
_I2C1_DO_RX_NACK_STOP                     text33       01521
_I2C1_DO_SEND_ADR_READ                    text43       0158D
_I2C1_DO_SEND_ADR_WRITE                   text42       0156A
_I2C1_DO_SEND_RESTART                     text36       01512
_I2C1_DO_SEND_RESTART_READ                text38       01508
_I2C1_DO_SEND_RESTART_WRITE               text37       0150D
_I2C1_DO_SEND_STOP                        text35       01517
_I2C1_DO_TX                               text41       00B58
_I2C1_DO_TX_EMPTY                         text45       00879
_I2C1_Initialize                          text85       01572
_I2C1_MasterClearIrq                      text69       014D6
_I2C1_MasterClose                         text68       014D9
_I2C1_MasterDisableIrq                    text67       014DC
_I2C1_MasterEnableRestart                 text64       014E2
_I2C1_MasterFsm                           text29       017D2
_I2C1_MasterGetRxData                     text50       014EB
_I2C1_MasterIsNack                        text47       01541
_I2C1_MasterOpen                          text24       015D2
_I2C1_MasterOperation                     text26       016F5
_I2C1_MasterSendAck                       text49       014FA
_I2C1_MasterSendNack                      text51       014F6
_I2C1_MasterSendTxData                    text48       014FE
_I2C1_MasterSetIrq                        text46       00800
_I2C1_MasterStart                         text65       014DF
_I2C1_MasterStartRx                       text52       014E8
_I2C1_MasterStop                          text63       014E5
_I2C1_MasterWaitForEvent                  text28       01547
_I2C1_MasterWrite                         text25       01530
_I2C1_Open                                text23       009F3
_I2C1_Poller                              text27       015C5
_I2C1_Read1ByteRegister                   text21       008DE
_I2C1_SetAddressNackCallback              text22       015FB
_I2C1_SetBuffer                           text62       01609
_I2C1_SetCallback                         text61       01784
_I2C1_SetDataCompleteCallback             text60       015ED
_I2C1_Status                              bssBANK1     000A0
_I2C1_Write1ByteRegister                  text8        008AB
_INLVLA                                   (abs)        0038C
_INLVLB                                   (abs)        0038D
_INLVLC                                   (abs)        0038E
_INTCONbits                               (abs)        0000B
_INTERRUPT_InterruptManager               intentry     00004
_LATA                                     (abs)        0010C
_LATB                                     (abs)        0010D
_LATC                                     (abs)        0010E
_ODCONA                                   (abs)        0028C
_ODCONB                                   (abs)        0028D
_ODCONC                                   (abs)        0028E
_OSCCON1                                  (abs)        00919
_OSCCON3                                  (abs)        0091B
_OSCEN                                    (abs)        0091D
_OSCFRQ                                   (abs)        0091F
_OSCILLATOR_Initialize                    text84       0157B
_OSCTUNE                                  (abs)        0091E
_PIE1bits                                 (abs)        00091
_PIN_MANAGER_Initialize                   text83       00848
_PIR1bits                                 (abs)        00011
_PIR2bits                                 (abs)        00012
_PMD0                                     (abs)        00911
_PMD1                                     (abs)        00912
_PMD2                                     (abs)        00913
_PMD3                                     (abs)        00914
_PMD4                                     (abs)        00915
_PMD5                                     (abs)        00916
_PMD_Initialize                           text82       0155A
_PORTAbits                                (abs)        0000C
_PORTBbits                                (abs)        0000D
_PORTCbits                                (abs)        0000E
_PR2                                      (abs)        0001E
_PR4                                      (abs)        00416
_PWM5CON                                  (abs)        00619
_PWM5DCH                                  (abs)        00618
_PWM5DCL                                  (abs)        00617
_PWM5_Initialize                          text81       015A0
_PWM6CON                                  (abs)        0061C
_PWM6DCH                                  (abs)        0061B
_PWM6DCL                                  (abs)        0061A
_PWM6_Initialize                          text80       015AC
_PWM6_LoadDutyValue                       text72       007E9
_PWMTMRSbits                              (abs)        0061F
_RA2PPS                                   (abs)        00E92
_RA4PPS                                   (abs)        00E94
_RA5PPS                                   (abs)        00E95
_SLRCONA                                  (abs)        0030C
_SLRCONB                                  (abs)        0030D
_SLRCONC                                  (abs)        0030E
_SSP1ADD                                  (abs)        00212
_SSP1BUF                                  (abs)        00211
_SSP1CLKPPS                               (abs)        00E20
_SSP1CON1                                 (abs)        00215
_SSP1CON1bits                             (abs)        00215
_SSP1CON2                                 (abs)        00216
_SSP1CON2bits                             (abs)        00216
_SSP1DATPPS                               (abs)        00E21
_SSP1STAT                                 (abs)        00214
_SSP1STATbits                             (abs)        00214
_SYSTEM_Initialize                        text74       017AA
_T1CON                                    (abs)        0001B
_T1CONbits                                (abs)        0001B
_T1GCON                                   (abs)        0001C
_T1GCONbits                               (abs)        0001C
_T2CON                                    (abs)        0001F
_T2CONbits                                (abs)        0001F
_T4CON                                    (abs)        00417
_T4CONbits                                (abs)        00417
_TMR1H                                    (abs)        0001A
_TMR1L                                    (abs)        00019
_TMR1_CallBack                            text92       015B8
_TMR1_DefaultInterruptHandler             text93       007FF
_TMR1_ISR                                 text90       015DF
_TMR1_Initialize                          text78       01687
_TMR1_InterruptHandler                    nvBANK1      000BD
_TMR1_SetInterruptHandler                 text79       0153B
_TMR1_WriteTimer                          text91       01619
_TMR2                                     (abs)        0001D
_TMR2_Initialize                          text77       01562
_TMR4                                     (abs)        00415
_TMR4_Initialize                          text76       01596
_TRISA                                    (abs)        0008C
_TRISB                                    (abs)        0008D
_TRISC                                    (abs)        0008E
_WDTCON                                   (abs)        00097
_WDT_Initialize                           text75       014F2
_WPUA                                     (abs)        0020C
_WPUB                                     (abs)        0020D
_WPUC                                     (abs)        0020E
__Habs1                                   abs1         00000
__Hbank0                                  bank0        00000
__Hbank1                                  bank1        00000
__Hbank10                                 bank10       00000
__Hbank11                                 bank11       00000
__Hbank12                                 bank12       00000
__Hbank13                                 bank13       00000
__Hbank14                                 bank14       00000
__Hbank15                                 bank15       00000
__Hbank16                                 bank16       00000
__Hbank17                                 bank17       00000
__Hbank18                                 bank18       00000
__Hbank19                                 bank19       00000
__Hbank2                                  bank2        00000
__Hbank20                                 bank20       00000
__Hbank21                                 bank21       00000
__Hbank22                                 bank22       00000
__Hbank23                                 bank23       00000
__Hbank24                                 bank24       00000
__Hbank25                                 bank25       00000
__Hbank26                                 bank26       00000
__Hbank27                                 bank27       00000
__Hbank28                                 bank28       00000
__Hbank29                                 bank29       00000
__Hbank3                                  bank3        00000
__Hbank30                                 bank30       00000
__Hbank31                                 bank31       00000
__Hbank4                                  bank4        00000
__Hbank5                                  bank5        00000
__Hbank6                                  bank6        00000
__Hbank7                                  bank7        00000
__Hbank8                                  bank8        00000
__Hbank9                                  bank9        00000
__Hbigram                                 bigram       00000
__HbssBANK0                               bssBANK0     00000
__HbssBANK1                               bssBANK1     00000
__HbssCOMMON                              bssCOMMON    00000
__Hcinit                                  cinit        00037
__Hclrtext                                clrtext      00000
__Hcode                                   code         00000
__Hcommon                                 common       00000
__Hconfig                                 config       0800B
__HcstackBANK0                            cstackBANK0  00000
__HcstackCOMMON                           cstackCOMMON 00000
__HdataBANK0                              dataBANK0    00000
__Heeprom_data                            eeprom_data  00000
__Hend_init                               end_init     0001B
__Hfunctab                                functab      00000
__HidataBANK0                             idataBANK0   00000
__Hinit                                   init         00019
__Hintentry                               intentry     00019
__Hmaintext                               maintext     00000
__HnvBANK1                                nvBANK1      00000
__Hpowerup                                powerup      00000
__Hram                                    ram          00000
__Hreset_vec                              reset_vec    00002
__Hsfr0                                   sfr0         00000
__Hsfr1                                   sfr1         00000
__Hsfr10                                  sfr10        00000
__Hsfr11                                  sfr11        00000
__Hsfr12                                  sfr12        00000
__Hsfr13                                  sfr13        00000
__Hsfr14                                  sfr14        00000
__Hsfr15                                  sfr15        00000
__Hsfr16                                  sfr16        00000
__Hsfr17                                  sfr17        00000
__Hsfr18                                  sfr18        00000
__Hsfr19                                  sfr19        00000
__Hsfr2                                   sfr2         00000
__Hsfr20                                  sfr20        00000
__Hsfr21                                  sfr21        00000
__Hsfr22                                  sfr22        00000
__Hsfr23                                  sfr23        00000
__Hsfr24                                  sfr24        00000
__Hsfr25                                  sfr25        00000
__Hsfr26                                  sfr26        00000
__Hsfr27                                  sfr27        00000
__Hsfr28                                  sfr28        00000
__Hsfr29                                  sfr29        00000
__Hsfr3                                   sfr3         00000
__Hsfr30                                  sfr30        00000
__Hsfr31                                  sfr31        00000
__Hsfr4                                   sfr4         00000
__Hsfr5                                   sfr5         00000
__Hsfr6                                   sfr6         00000
__Hsfr7                                   sfr7         00000
__Hsfr8                                   sfr8         00000
__Hsfr9                                   sfr9         00000
__Hspace_0                                (abs)        01828
__Hspace_1                                (abs)        000C1
__Hspace_2                                (abs)        00000
__Hspace_3                                (abs)        00000
__Hspace_4                                (abs)        10012
__Hstack                                  stack        00000
__Hstrings                                strings      00000
__Hstringtext1                            stringtext1  00000
__Hstringtext2                            stringtext2  00000
__Hstringtext3                            stringtext3  00000
__Hstringtext4                            stringtext4  00000
__Htext                                   text         00000
__Labs1                                   abs1         00000
__Lbank0                                  bank0        00000
__Lbank1                                  bank1        00000
__Lbank10                                 bank10       00000
__Lbank11                                 bank11       00000
__Lbank12                                 bank12       00000
__Lbank13                                 bank13       00000
__Lbank14                                 bank14       00000
__Lbank15                                 bank15       00000
__Lbank16                                 bank16       00000
__Lbank17                                 bank17       00000
__Lbank18                                 bank18       00000
__Lbank19                                 bank19       00000
__Lbank2                                  bank2        00000
__Lbank20                                 bank20       00000
__Lbank21                                 bank21       00000
__Lbank22                                 bank22       00000
__Lbank23                                 bank23       00000
__Lbank24                                 bank24       00000
__Lbank25                                 bank25       00000
__Lbank26                                 bank26       00000
__Lbank27                                 bank27       00000
__Lbank28                                 bank28       00000
__Lbank29                                 bank29       00000
__Lbank3                                  bank3        00000
__Lbank30                                 bank30       00000
__Lbank31                                 bank31       00000
__Lbank4                                  bank4        00000
__Lbank5                                  bank5        00000
__Lbank6                                  bank6        00000
__Lbank7                                  bank7        00000
__Lbank8                                  bank8        00000
__Lbank9                                  bank9        00000
__Lbigram                                 bigram       00000
__LbssBANK0                               bssBANK0     00000
__LbssBANK1                               bssBANK1     00000
__LbssCOMMON                              bssCOMMON    00000
__Lcinit                                  cinit        0001B
__Lclrtext                                clrtext      00000
__Lcode                                   code         00000
__Lcommon                                 common       00000
__Lconfig                                 config       00000
__LcstackBANK0                            cstackBANK0  00000
__LcstackCOMMON                           cstackCOMMON 00000
__LdataBANK0                              dataBANK0    00000
__Leeprom_data                            eeprom_data  00000
__Lend_init                               end_init     00019
__Lfunctab                                functab      00000
__LidataBANK0                             idataBANK0   00000
__Linit                                   init         00019
__Lintentry                               intentry     00004
__Lmaintext                               maintext     00000
__LnvBANK1                                nvBANK1      00000
__Lpowerup                                powerup      00000
__Lram                                    ram          00000
__Lreset_vec                              reset_vec    00000
__Lsfr0                                   sfr0         00000
__Lsfr1                                   sfr1         00000
__Lsfr10                                  sfr10        00000
__Lsfr11                                  sfr11        00000
__Lsfr12                                  sfr12        00000
__Lsfr13                                  sfr13        00000
__Lsfr14                                  sfr14        00000
__Lsfr15                                  sfr15        00000
__Lsfr16                                  sfr16        00000
__Lsfr17                                  sfr17        00000
__Lsfr18                                  sfr18        00000
__Lsfr19                                  sfr19        00000
__Lsfr2                                   sfr2         00000
__Lsfr20                                  sfr20        00000
__Lsfr21                                  sfr21        00000
__Lsfr22                                  sfr22        00000
__Lsfr23                                  sfr23        00000
__Lsfr24                                  sfr24        00000
__Lsfr25                                  sfr25        00000
__Lsfr26                                  sfr26        00000
__Lsfr27                                  sfr27        00000
__Lsfr28                                  sfr28        00000
__Lsfr29                                  sfr29        00000
__Lsfr3                                   sfr3         00000
__Lsfr30                                  sfr30        00000
__Lsfr31                                  sfr31        00000
__Lsfr4                                   sfr4         00000
__Lsfr5                                   sfr5         00000
__Lsfr6                                   sfr6         00000
__Lsfr7                                   sfr7         00000
__Lsfr8                                   sfr8         00000
__Lsfr9                                   sfr9         00000
__Lspace_0                                (abs)        00000
__Lspace_1                                (abs)        00000
__Lspace_2                                (abs)        00000
__Lspace_3                                (abs)        00000
__Lspace_4                                (abs)        00000
__Lstack                                  stack        00000
__Lstrings                                strings      00000
__Lstringtext1                            stringtext1  00000
__Lstringtext2                            stringtext2  00000
__Lstringtext3                            stringtext3  00000
__Lstringtext4                            stringtext4  00000
__Ltext                                   text         00000
__S0                                      (abs)        01828
__S1                                      (abs)        000C1
__S2                                      (abs)        00000
__S3                                      (abs)        00000
__Umul8_16                                text15       0173B
__Umul8_16@multiplicand                   cstackCOMMON 00072
__Umul8_16@multiplier                     cstackBANK0  00024
__Umul8_16@product                        cstackBANK0  00020
__Umul8_16@word_mpld                      cstackBANK0  00022
___awdiv                                  text7        00BAF
___awdiv@counter                          cstackBANK0  00020
___awdiv@dividend                         cstackCOMMON 00074
___awdiv@divisor                          cstackCOMMON 00072
___awdiv@quotient                         cstackBANK0  00022
___awdiv@sign                             cstackBANK0  00021
___awmod                                  text6        00B05
___awmod@counter                          cstackCOMMON 00077
___awmod@dividend                         cstackCOMMON 00074
___awmod@divisor                          cstackCOMMON 00072
___awmod@sign                             cstackCOMMON 00078
___bmul                                   text20       00803
___bmul@multiplicand                      cstackCOMMON 00072
___bmul@multiplier                        cstackCOMMON 00075
___bmul@product                           cstackCOMMON 00074
___fladd                                  text13       0028E
___fladd@a                                cstackCOMMON 00076
___fladd@aexp                             cstackBANK0  00029
___fladd@b                                cstackCOMMON 00072
___fladd@bexp                             cstackBANK0  0002A
___fladd@grs                              cstackBANK0  0002B
___fladd@signs                            cstackBANK0  00028
___fldiv                                  text17       004C6
___fldiv@a                                cstackBANK0  00026
___fldiv@aexp                             cstackBANK0  0003F
___fldiv@b                                cstackBANK0  0002A
___fldiv@bexp                             cstackBANK0  0003E
___fldiv@grs                              cstackBANK0  0003A
___fldiv@new_exp                          cstackBANK0  00038
___fldiv@rem                              cstackBANK0  00033
___fldiv@sign                             cstackBANK0  00037
___flge                                   text16       00D5D
___flge@ff1                               cstackBANK0  00026
___flge@ff2                               cstackBANK0  0002A
___flmul                                  text14       00037
___flmul@a                                cstackBANK0  00038
___flmul@aexp                             cstackBANK0  00042
___flmul@b                                cstackBANK0  00034
___flmul@bexp                             cstackBANK0  00047
___flmul@grs                              cstackBANK0  00043
___flmul@prod                             cstackBANK0  00048
___flmul@sign                             cstackBANK0  00041
___flmul@temp                             cstackBANK0  0004C
___flsub                                  text12       016D5
___flsub@a                                cstackBANK0  0002C
___flsub@b                                cstackBANK0  00030
___fltol                                  text11       00C72
___fltol@exp1                             cstackBANK0  00058
___fltol@f1                               cstackBANK0  0004E
___fltol@sign1                            cstackBANK0  00057
___int_sp                                 stack        00000
___latbits                                (abs)        00003
___lwdiv                                  text2        00A2D
___lwdiv@counter                          cstackCOMMON 00079
___lwdiv@dividend                         cstackCOMMON 00074
___lwdiv@divisor                          cstackCOMMON 00072
___lwdiv@quotient                         cstackCOMMON 00077
___sp                                     stack        00000
___stackhi                                (abs)        027EF
___stacklo                                (abs)        02071
___xxtofl                                 text10       00DE8
___xxtofl@arg                             cstackBANK0  00022
___xxtofl@exp                             cstackBANK0  00021
___xxtofl@sign                            cstackBANK0  00020
___xxtofl@val                             cstackCOMMON 00072
__end_of_CLC1_Initialize                  text88       01687
__end_of_CMP1_Initialize                  text87       0153B
__end_of_FVR_Initialize                   text86       014F2
__end_of_I2C1_CallbackReturnReset         text53       014D6
__end_of_I2C1_CallbackReturnStop          text54       014D4
__end_of_I2C1_Close                       text66       016D5
__end_of_I2C1_DO_ADDRESS_NACK             text30       00848
__end_of_I2C1_DO_IDLE                     text44       01508
__end_of_I2C1_DO_RCEN                     text39       0155A
__end_of_I2C1_DO_RESET                    text31       01530
__end_of_I2C1_DO_RX                       text40       00AB5
__end_of_I2C1_DO_RX_ACK                   text34       01521
__end_of_I2C1_DO_RX_NACK_RESTART          text32       0152B
__end_of_I2C1_DO_RX_NACK_STOP             text33       01526
__end_of_I2C1_DO_SEND_ADR_READ            text43       01596
__end_of_I2C1_DO_SEND_ADR_WRITE           text42       01572
__end_of_I2C1_DO_SEND_RESTART             text36       01517
__end_of_I2C1_DO_SEND_RESTART_READ        text38       0150D
__end_of_I2C1_DO_SEND_RESTART_WRITE       text37       01512
__end_of_I2C1_DO_SEND_STOP                text35       0151C
__end_of_I2C1_DO_TX                       text41       00BAF
__end_of_I2C1_DO_TX_EMPTY                 text45       008AB
__end_of_I2C1_Initialize                  text85       0157B
__end_of_I2C1_MasterClearIrq              text69       014D9
__end_of_I2C1_MasterClose                 text68       014DC
__end_of_I2C1_MasterDisableIrq            text67       014DF
__end_of_I2C1_MasterEnableRestart         text64       014E5
__end_of_I2C1_MasterFsm                   text29       01800
__end_of_I2C1_MasterGetRxData             text50       014EE
__end_of_I2C1_MasterIsNack                text47       01547
__end_of_I2C1_MasterOpen                  text24       015DF
__end_of_I2C1_MasterOperation             text26       01718
__end_of_I2C1_MasterSendAck               text49       014FE
__end_of_I2C1_MasterSendNack              text51       014FA
__end_of_I2C1_MasterSendTxData            text48       01503
__end_of_I2C1_MasterSetIrq                text46       00803
__end_of_I2C1_MasterStart                 text65       014E2
__end_of_I2C1_MasterStartRx               text52       014EB
__end_of_I2C1_MasterStop                  text63       014E8
__end_of_I2C1_MasterWaitForEvent          text28       0154D
__end_of_I2C1_MasterWrite                 text25       01535
__end_of_I2C1_Open                        text23       00A2D
__end_of_I2C1_Poller                      text27       015D2
__end_of_I2C1_Read1ByteRegister           text21       00914
__end_of_I2C1_SetAddressNackCallback      text22       01609
__end_of_I2C1_SetBuffer                   text62       01619
__end_of_I2C1_SetCallback                 text61       017AA
__end_of_I2C1_SetDataCompleteCallback     text60       015FB
__end_of_I2C1_Write1ByteRegister          text8        008DE
__end_of_INTERRUPT_InterruptManager       intentry     00019
__end_of_INTER_TIME                       stringtext4  01828
__end_of_OSCILLATOR_Initialize            text84       01584
__end_of_PIN_MANAGER_Initialize           text83       00879
__end_of_PMD_Initialize                   text82       01562
__end_of_PWM5_Initialize                  text81       015AC
__end_of_PWM6_Initialize                  text80       015B8
__end_of_PWM6_LoadDutyValue               text72       007FF
__end_of_RAMP_TIME                        stringtext2  01824
__end_of_REPEAT_TIME                      stringtext3  01826
__end_of_SYSTEM_Initialize                text74       017D2
__end_of_TMR1_CallBack                    text92       015C5
__end_of_TMR1_DefaultInterruptHandler     text93       00800
__end_of_TMR1_ISR                         text90       015ED
__end_of_TMR1_Initialize                  text78       016A0
__end_of_TMR1_SetInterruptHandler         text79       01541
__end_of_TMR1_WriteTimer                  text91       0162A
__end_of_TMR2_Initialize                  text77       0156A
__end_of_TMR4_Initialize                  text76       015A0
__end_of_WDT_Initialize                   text75       014F6
__end_of__Umul8_16                        text15       0175F
__end_of___awdiv                          text7        00C0F
__end_of___awmod                          text6        00B58
__end_of___bmul                           text20       00818
__end_of___fladd                          text13       004C6
__end_of___fldiv                          text17       0067A
__end_of___flge                           text16       00DE8
__end_of___flmul                          text14       0028E
__end_of___flsub                          text12       016F5
__end_of___fltol                          text11       00CE7
__end_of___lwdiv                          text2        00A69
__end_of___xxtofl                         text10       00E95
__end_of__initialization                  cinit        00033
__end_of_blinkDot                         text70       009BA
__end_of_getHour                          text19       01784
__end_of_getMinute                        text18       0173B
__end_of_i2c1_fsmStateTable               stringtext1  01820
__end_of_main                             maintext     01000
__end_of_rampHV                           text9        007E9
__end_of_rd1RegCompleteHandler            text58       0164E
__end_of_rd2RegCompleteHandler            text57       01660
__end_of_rdBlkRegCompleteHandler          text55       016B9
__end_of_selectNumber                     text73       00B05
__end_of_setHV                            text71       0158D
__end_of_setHour                          text5        009F3
__end_of_setMinute                        text4        00981
__end_of_setSecond                        text3        0094A
__end_of_showTargetBrightness             text1        00C72
__end_of_timer1InterruptHandler           text94       00D5D
__end_of_wr1RegCompleteHandler            text56       01672
__end_of_wr2RegCompleteHandler            text59       0163C
__initialization                          cinit        0001B
__pbssBANK0                               bssBANK0     00068
__pbssBANK1                               bssBANK1     000A0
__pbssCOMMON                              bssCOMMON    0007A
__pcstackBANK0                            cstackBANK0  00020
__pcstackCOMMON                           cstackCOMMON 00070
__pdataBANK0                              dataBANK0    0006E
__pidataBANK0                             idataBANK0   00002
__pintentry                               intentry     00004
__pmaintext                               maintext     00E95
__pnvBANK1                                nvBANK1      000BD
__pstringtext1                            stringtext1  01800
__pstringtext2                            stringtext2  01820
__pstringtext3                            stringtext3  01824
__pstringtext4                            stringtext4  01826
__ptext1                                  text1        00C0F
__ptext10                                 text10       00DE8
__ptext11                                 text11       00C72
__ptext12                                 text12       016D5
__ptext13                                 text13       0028E
__ptext14                                 text14       00037
__ptext15                                 text15       0173B
__ptext16                                 text16       00D5D
__ptext17                                 text17       004C6
__ptext18                                 text18       01718
__ptext19                                 text19       0175F
__ptext2                                  text2        00A2D
__ptext20                                 text20       00803
__ptext21                                 text21       008DE
__ptext22                                 text22       015FB
__ptext23                                 text23       009F3
__ptext24                                 text24       015D2
__ptext25                                 text25       01530
__ptext26                                 text26       016F5
__ptext27                                 text27       015C5
__ptext28                                 text28       01547
__ptext29                                 text29       017D2
__ptext3                                  text3        00914
__ptext30                                 text30       00818
__ptext31                                 text31       0152B
__ptext32                                 text32       01526
__ptext33                                 text33       01521
[...]
__ptext63                                 text63       014E5
__ptext64                                 text64       014E2
__ptext65                                 text65       014DF
__ptext66                                 text66       016B9
__ptext67                                 text67       014DC
__ptext68                                 text68       014D9
__ptext69                                 text69       014D6
__ptext7                                  text7        00BAF
__ptext70                                 text70       00981
__ptext71                                 text71       01584
__ptext72                                 text72       007E9
__ptext73                                 text73       00AB5
__ptext74                                 text74       017AA
__ptext75                                 text75       014F2
__ptext76                                 text76       01596
__ptext77                                 text77       01562
__ptext78                                 text78       01687
__ptext79                                 text79       0153B
__ptext8                                  text8        008AB
__ptext80                                 text80       015AC
__ptext81                                 text81       015A0
__ptext82                                 text82       0155A
__ptext83                                 text83       00848
__ptext84                                 text84       0157B
__ptext85                                 text85       01572
__ptext86                                 text86       014EE
__ptext87                                 text87       01535
__ptext88                                 text88       01672
__ptext9                                  text9        0067A
__ptext90                                 text90       015DF
__ptext91                                 text91       01619
__ptext92                                 text92       015B8
__ptext93                                 text93       007FF
__ptext94                                 text94       00CE7
__size_of_CLC1_Initialize                 (abs)        00000
__size_of_CMP1_Initialize                 (abs)        00000
__size_of_FVR_Initialize                  (abs)        00000
__size_of_I2C1_CallbackReturnReset        (abs)        00000
__size_of_I2C1_CallbackReturnStop         (abs)        00000
__size_of_I2C1_Close                      (abs)        00000
__size_of_I2C1_DO_ADDRESS_NACK            (abs)        00000
__size_of_I2C1_DO_IDLE                    (abs)        00000
__size_of_I2C1_DO_RCEN                    (abs)        00000
__size_of_I2C1_DO_RESET                   (abs)        00000
__size_of_I2C1_DO_RX                      (abs)        00000
__size_of_I2C1_DO_RX_ACK                  (abs)        00000
__size_of_I2C1_DO_RX_NACK_RESTART         (abs)        00000
__size_of_I2C1_DO_RX_NACK_STOP            (abs)        00000
__size_of_I2C1_DO_SEND_ADR_READ           (abs)        00000
__size_of_I2C1_DO_SEND_ADR_WRITE          (abs)        00000
__size_of_I2C1_DO_SEND_RESTART            (abs)        00000
__size_of_I2C1_DO_SEND_RESTART_READ       (abs)        00000
__size_of_I2C1_DO_SEND_RESTART_WRITE      (abs)        00000
__size_of_I2C1_DO_SEND_STOP               (abs)        00000
__size_of_I2C1_DO_TX                      (abs)        00000
__size_of_I2C1_DO_TX_EMPTY                (abs)        00000
__size_of_I2C1_Initialize                 (abs)        00000
__size_of_I2C1_MasterClearIrq             (abs)        00000
__size_of_I2C1_MasterClose                (abs)        00000
__size_of_I2C1_MasterDisableIrq           (abs)        00000
__size_of_I2C1_MasterEnableRestart        (abs)        00000
__size_of_I2C1_MasterFsm                  (abs)        00000
__size_of_I2C1_MasterGetRxData            (abs)        00000
__size_of_I2C1_MasterIsNack               (abs)        00000
__size_of_I2C1_MasterOpen                 (abs)        00000
__size_of_I2C1_MasterOperation            (abs)        00000
__size_of_I2C1_MasterSendAck              (abs)        00000
__size_of_I2C1_MasterSendNack             (abs)        00000
__size_of_I2C1_MasterSendTxData           (abs)        00000
__size_of_I2C1_MasterSetIrq               (abs)        00000
__size_of_I2C1_MasterStart                (abs)        00000
__size_of_I2C1_MasterStartRx              (abs)        00000
__size_of_I2C1_MasterStop                 (abs)        00000
__size_of_I2C1_MasterWaitForEvent         (abs)        00000
__size_of_I2C1_MasterWrite                (abs)        00000
__size_of_I2C1_Open                       (abs)        00000
__size_of_I2C1_Poller                     (abs)        00000
__size_of_I2C1_Read1ByteRegister          (abs)        00000
__size_of_I2C1_SetAddressNackCallback     (abs)        00000
__size_of_I2C1_SetBuffer                  (abs)        00000
__size_of_I2C1_SetCallback                (abs)        00000
__size_of_I2C1_SetDataCompleteCallback    (abs)        00000
__size_of_I2C1_Write1ByteRegister         (abs)        00000
__size_of_INTERRUPT_InterruptManager      (abs)        00000
__size_of_OSCILLATOR_Initialize           (abs)        00000
__size_of_PIN_MANAGER_Initialize          (abs)        00000
__size_of_PMD_Initialize                  (abs)        00000
__size_of_PWM5_Initialize                 (abs)        00000
__size_of_PWM6_Initialize                 (abs)        00000
__size_of_PWM6_LoadDutyValue              (abs)        00000
__size_of_SYSTEM_Initialize               (abs)        00000
__size_of_TMR1_CallBack                   (abs)        00000
__size_of_TMR1_DefaultInterruptHandler    (abs)        00000
__size_of_TMR1_ISR                        (abs)        00000
__size_of_TMR1_Initialize                 (abs)        00000
__size_of_TMR1_SetInterruptHandler        (abs)        00000
__size_of_TMR1_WriteTimer                 (abs)        00000
__size_of_TMR2_Initialize                 (abs)        00000
__size_of_TMR4_Initialize                 (abs)        00000
__size_of_WDT_Initialize                  (abs)        00000
__size_of__Umul8_16                       (abs)        00000
__size_of___awdiv                         (abs)        00000
__size_of___awmod                         (abs)        00000
__size_of___bmul                          (abs)        00000
__size_of___fladd                         (abs)        00000
__size_of___fldiv                         (abs)        00000
__size_of___flge                          (abs)        00000
__size_of___flmul                         (abs)        00000
__size_of___flsub                         (abs)        00000
__size_of___fltol                         (abs)        00000
__size_of___lwdiv                         (abs)        00000
__size_of___xxtofl                        (abs)        00000
__size_of_blinkDot                        (abs)        00000
__size_of_getHour                         (abs)        00000
__size_of_getMinute                       (abs)        00000
__size_of_main                            (abs)        00000
__size_of_rampHV                          (abs)        00000
__size_of_rd1RegCompleteHandler           (abs)        00000
__size_of_rd2RegCompleteHandler           (abs)        00000
__size_of_rdBlkRegCompleteHandler         (abs)        00000
__size_of_selectNumber                    (abs)        00000
__size_of_setHV                           (abs)        00000
__size_of_setHour                         (abs)        00000
__size_of_setMinute                       (abs)        00000
__size_of_setSecond                       (abs)        00000
__size_of_showTargetBrightness            (abs)        00000
__size_of_timer1InterruptHandler          (abs)        00000
__size_of_wr1RegCompleteHandler           (abs)        00000
__size_of_wr2RegCompleteHandler           (abs)        00000
_blinkDot                                 text70       00981
_button1Flag                              bssBANK0     0006D
_button1millis                            bssCOMMON    0007A
_button2Flag                              bssBANK0     0006C
_button2millis                            bssBANK0     00068
_getHour                                  text19       0175F
_getMinute                                text18       01718
_i2c1_fsmStateTable                       stringtext1  01800
_longbutton1Flag                          bssBANK0     0006B
_longbutton2Flag                          bssBANK0     0006A
_main                                     maintext     00E95
_rampHV                                   text9        0067A
_rd1RegCompleteHandler                    text58       0163C
_rd2RegCompleteHandler                    text57       0164E
_rdBlkRegCompleteHandler                  text55       016A0
_selectNumber                             text73       00AB5
_setHV                                    text71       01584
_setHour                                  text5        009BA
_setMinute                                text4        0094A
_setSecond                                text3        00914
_showTargetBrightness                     text1        00C0F
_targetBrightness                         dataBANK0    0006E
_timer1InterruptHandler                   text94       00CE7
_timer1ReloadVal                          nvBANK1      000BF
_wr1RegCompleteHandler                    text56       01660
_wr2RegCompleteHandler                    text59       0162A
btemp                                     (abs)        0007E
clear_ram0                                clrtext      0154D
end_of_initialization                     cinit        00033
getHour@hour                              cstackBANK0  00033
getMinute@minute                          cstackBANK0  00033
int$flags                                 (abs)        0007E
intlevel0                                 functab      00000
intlevel1                                 functab      00000
intlevel2                                 functab      00000
intlevel3                                 functab      00000
intlevel4                                 functab      00000
intlevel5                                 functab      00000
main@count                                cstackBANK0  00066
main@hour                                 cstackBANK0  00065
main@minute                               cstackBANK0  00064
rampHV@count                              cstackBANK0  00060
rampHV@increment                          cstackBANK0  0005C
rd1RegCompleteHandler@ptr                 cstackBANK0  00021
rd2RegCompleteHandler@ptr                 cstackBANK0  00021
rdBlkRegCompleteHandler@ptr               cstackBANK0  00021
reset_vec                                 reset_vec    00000
selectNumber@digit                        cstackCOMMON 00074
setHV@brightness                          cstackBANK0  00059
setHour@hour                              cstackBANK0  00036
setHour@hourBCD                           cstackBANK0  00035
setMinute@minute                          cstackBANK0  00036
setMinute@minuteBCD                       cstackBANK0  00035
setSecond@second                          cstackBANK0  00036
setSecond@secondBCD                       cstackBANK0  00035
start                                     init         00019
start_initialization                      cinit        0001B
wr1RegCompleteHandler@ptr                 cstackBANK0  00021
wr2RegCompleteHandler@ptr                 cstackBANK0  00021
wtemp0                                    (abs)        0007E


MODULE INFORMATION

Module		Function		Class		Link	Load	Size
C:\Program Files\Microchip\xc8\v2.32\pic\sources\c99\common\awdiv.c
		___awdiv       		CODE           	0BAF	0000	96

C:\Program Files\Microchip\xc8\v2.32\pic\sources\c99\common\awdiv.c estimated size: 96

mcc_generated_files/cmp1.c
		_CMP1_Initialize		CODE           	1535	0000	6

mcc_generated_files/cmp1.c estimated size: 6

C:\Program Files\Microchip\xc8\v2.32\pic\sources\c99\common\sprcadd.c
		___flsub       		CODE           	16D5	0000	32
		___fladd       		CODE           	028E	0000	568

C:\Program Files\Microchip\xc8\v2.32\pic\sources\c99\common\sprcadd.c estimated size: 600

mcc_generated_files/examples/i2c1_master_example.c
		_wr1RegCompleteHandler		CODE           	1660	0000	18
		_wr2RegCompleteHandler		CODE           	162A	0000	18
		_I2C1_Write1ByteRegister		CODE           	08AB	0000	51
		_rdBlkRegCompleteHandler		CODE           	16A0	0000	25
		_rd1RegCompleteHandler		CODE           	163C	0000	18
		_rd2RegCompleteHandler		CODE           	164E	0000	18
		_I2C1_Read1ByteRegister		CODE           	08DE	0000	54

mcc_generated_files/examples/i2c1_master_example.c estimated size: 202

mcc_generated_files/pwm6.c
		_PWM6_LoadDutyValue		CODE           	07E9	0000	22
		_PWM6_Initialize		CODE           	15AC	0000	12

mcc_generated_files/pwm6.c estimated size: 34

mcc_generated_files/fvr.c
		_FVR_Initialize		CODE           	14EE	0000	4

mcc_generated_files/fvr.c estimated size: 4

mcc_generated_files/tmr4.c
		_TMR4_Initialize		CODE           	1596	0000	10

mcc_generated_files/tmr4.c estimated size: 10

mcc_generated_files/i2c1_master.c
		_I2C1_DO_SEND_RESTART		CODE           	1512	0000	5
		_I2C1_DO_TX_EMPTY		CODE           	0879	0000	50
		_I2C1_DO_SEND_RESTART_READ		CODE           	1508	0000	5
		_I2C1_CallbackReturnStop		CODE           	14D2	0000	2
		_I2C1_DO_RX    		CODE           	0A69	0000	76
		_I2C1_DO_TX    		CODE           	0B58	0000	87
		_I2C1_SetAddressNackCallback		CODE           	15FB	0000	14
		_I2C1_DO_IDLE  		CODE           	1503	0000	5
		_I2C1_MasterOpen		CODE           	15D2	0000	13
		_I2C1_DO_RCEN  		CODE           	1553	0000	7
		_I2C1_MasterSendTxData		CODE           	14FE	0000	5
		_I2C1_MasterStop		CODE           	14E5	0000	3
		_I2C1_CallbackReturnReset		CODE           	14D4	0000	2
		_I2C1_DO_RESET 		CODE           	152B	0000	5
		_I2C1_MasterStartRx		CODE           	14E8	0000	3
		_I2C1_Poller   		CODE           	15C5	0000	13
		_I2C1_DO_RX_ACK		CODE           	151C	0000	5
		_I2C1_MasterWaitForEvent		CODE           	1547	0000	6
		_I2C1_MasterSendNack		CODE           	14F6	0000	4
		_I2C1_DO_RX_NACK_RESTART		CODE           	1526	0000	5
		_I2C1_MasterDisableIrq		CODE           	14DC	0000	3
		_I2C1_MasterOperation		CODE           	16F5	0000	35
		_I2C1_SetCallback		CODE           	1784	0000	38
		_I2C1_MasterEnableRestart		CODE           	14E2	0000	3
		_I2C1_Open     		CODE           	09F3	0000	58
		_I2C1_DO_ADDRESS_NACK		CODE           	0818	0000	48
		_I2C1_SetBuffer		CODE           	1609	0000	16
		_I2C1_DO_SEND_RESTART_WRITE		CODE           	150D	0000	5
		_I2C1_MasterClose		CODE           	14D9	0000	3
		_I2C1_MasterWrite		CODE           	1530	0000	5
		_I2C1_Initialize		CODE           	1572	0000	9
		_I2C1_Close    		CODE           	16B9	0000	28
		_I2C1_MasterIsNack		CODE           	1541	0000	6
		_I2C1_MasterStart		CODE           	14DF	0000	3
		_I2C1_DO_SEND_ADR_WRITE		CODE           	156A	0000	8
		_I2C1_MasterClearIrq		CODE           	14D6	0000	3
		_I2C1_SetDataCompleteCallback		CODE           	15ED	0000	14
		_I2C1_DO_SEND_STOP		CODE           	1517	0000	5
		_I2C1_MasterSendAck		CODE           	14FA	0000	4
		_I2C1_MasterFsm		CODE           	17D2	0000	46
		_I2C1_MasterGetRxData		CODE           	14EB	0000	3
		_I2C1_MasterSetIrq		CODE           	0800	0000	3
		_I2C1_DO_SEND_ADR_READ		CODE           	158D	0000	9
		_I2C1_DO_RX_NACK_STOP		CODE           	1521	0000	5

mcc_generated_files/i2c1_master.c estimated size: 675

mcc_generated_files/tmr2.c
		_TMR2_Initialize		CODE           	1562	0000	8

mcc_generated_files/tmr2.c estimated size: 8

mcc_generated_files/interrupt_manager.c
		_INTERRUPT_InterruptManager		CODE           	0004	0000	21

mcc_generated_files/interrupt_manager.c estimated size: 21

mcc_generated_files/pin_manager.c
		_PIN_MANAGER_Initialize		CODE           	0848	0000	49

mcc_generated_files/pin_manager.c estimated size: 49

shared
		_REPEAT_TIME   		STRCODE        	0000	0000	0
		__initialization		CODE           	001B	0000	24
		_i2c1_fsmStateTable		STRCODE        	1800	0000	32
		_INTER_TIME    		STRCODE        	0000	0000	0
		_RAMP_TIME     		STRCODE        	0000	0000	0

shared estimated size: 56

C:\Program Files\Microchip\xc8\v2.32\pic\sources\c99\common\sprcmul.c
		___flmul       		CODE           	0037	0000	599

C:\Program Files\Microchip\xc8\v2.32\pic\sources\c99\common\sprcmul.c estimated size: 599

mcc_generated_files/pwm5.c
		_PWM5_Initialize		CODE           	15A0	0000	12

mcc_generated_files/pwm5.c estimated size: 12

C:\Program Files\Microchip\xc8\v2.32\pic\sources\c99\common\awmod.c
		___awmod       		CODE           	0B05	0000	83

C:\Program Files\Microchip\xc8\v2.32\pic\sources\c99\common\awmod.c estimated size: 83

mcc_generated_files/mcc.c
		_WDT_Initialize		CODE           	14F2	0000	4
		_PMD_Initialize		CODE           	155A	0000	8
		_OSCILLATOR_Initialize		CODE           	157B	0000	9
		_SYSTEM_Initialize		CODE           	17AA	0000	40

mcc_generated_files/mcc.c estimated size: 61

C:\Program Files\Microchip\xc8\v2.32\pic\sources\c99\common\sprcdiv.c
		___fldiv       		CODE           	04C6	0000	436

C:\Program Files\Microchip\xc8\v2.32\pic\sources\c99\common\sprcdiv.c estimated size: 436

C:\Program Files\Microchip\xc8\v2.32\pic\sources\c99\common\Umul8_16.c
		__Umul8_16     		CODE           	173B	0000	36

C:\Program Files\Microchip\xc8\v2.32\pic\sources\c99\common\Umul8_16.c estimated size: 36

mcc_generated_files/tmr1.c
		_TMR1_Initialize		CODE           	1687	0000	25
		_TMR1_SetInterruptHandler		CODE           	153B	0000	6
		_TMR1_DefaultInterruptHandler		CODE           	07FF	0000	1
		_TMR1_CallBack 		CODE           	15B8	0000	13
		_TMR1_WriteTimer		CODE           	1619	0000	17
		_TMR1_ISR      		CODE           	15DF	0000	14

mcc_generated_files/tmr1.c estimated size: 76

C:\Program Files\Microchip\xc8\v2.32\pic\sources\c99\common\lwdiv.c
		___lwdiv       		CODE           	0A2D	0000	60

C:\Program Files\Microchip\xc8\v2.32\pic\sources\c99\common\lwdiv.c estimated size: 60

C:\Program Files\Microchip\xc8\v2.32\pic\sources\c99\common\fltol.c
		___fltol       		CODE           	0C72	0000	117

C:\Program Files\Microchip\xc8\v2.32\pic\sources\c99\common\fltol.c estimated size: 117

C:\Program Files\Microchip\xc8\v2.32\pic\sources\c99\common\xxtofl.c
		___xxtofl      		CODE           	0DE8	0000	173

C:\Program Files\Microchip\xc8\v2.32\pic\sources\c99\common\xxtofl.c estimated size: 173

C:\Program Files\Microchip\xc8\v2.32\pic\sources\c99\common\Umul8.c
		___bmul        		CODE           	0803	0000	21

C:\Program Files\Microchip\xc8\v2.32\pic\sources\c99\common\Umul8.c estimated size: 21

main.c
		_showTargetBrightness		CODE           	0C0F	0000	99
		_timer1InterruptHandler		CODE           	0CE7	0000	118
		_getHour       		CODE           	175F	0000	37
		_main          		CODE           	0E95	0000	363
		_getMinute     		CODE           	1718	0000	35
		_setSecond     		CODE           	0914	0000	54
		_setHour       		CODE           	09BA	0000	57
		_setHV         		CODE           	1584	0000	9
		_selectNumber  		CODE           	0AB5	0000	80
		_setMinute     		CODE           	094A	0000	55
		_blinkDot      		CODE           	0981	0000	57
		_rampHV        		CODE           	067A	0000	367

main.c estimated size: 1331

C:\Program Files\Microchip\xc8\v2.32\pic\sources\c99\common\flge.c
		___flge        		CODE           	0D5D	0000	139

C:\Program Files\Microchip\xc8\v2.32\pic\sources\c99\common\flge.c estimated size: 139

mcc_generated_files/clc1.c
		_CLC1_Initialize		CODE           	1672	0000	21

mcc_generated_files/clc1.c estimated size: 21

